// Jest Snapshot v1, https://goo.gl/fbAQLP

exports[`UserProfile renders the component 1`] = `
<div class="user-profile"><img src="https://github.com/images/error/octocat_happy.gif" class="user-avatar">
  <div class="user-name">
    monalisa octocat
  </div>
  <div class="user-bio">
    There once was...
  </div>
</div>
`;
