// Jest Snapshot v1, https://goo.gl/fbAQLP

exports[`UserSearchForm renders the component 1`] = `<div>User Search Form</div>`;
